current directory: C:/Users/antho/Documents/GitHub/onRails-mvc/vendor/bundle/ruby/4.0.0/gems/bcrypt_pbkdf-1.1.2/ext/mri
C:/Ruby40-x64/bin/ruby.exe extconf.rb
creating Makefile

current directory: C:/Users/antho/Documents/GitHub/onRails-mvc/vendor/bundle/ruby/4.0.0/gems/bcrypt_pbkdf-1.1.2/ext/mri
make DESTDIR\= sitearchdir\=./.gem.20260810-15980-3pkp7p sitelibdir\=./.gem.20260810-15980-3pkp7p clean
make: aviso: jobserver indisponível: usando -j1. Inclua '+' na regra pai. 

current directory: C:/Users/antho/Documents/GitHub/onRails-mvc/vendor/bundle/ruby/4.0.0/gems/bcrypt_pbkdf-1.1.2/ext/mri
make DESTDIR\= sitearchdir\=./.gem.20260810-15980-3pkp7p sitelibdir\=./.gem.20260810-15980-3pkp7p
make: aviso: jobserver indisponível: usando -j1. Inclua '+' na regra pai. 
generating bcrypt_pbkdf_ext-x64-mingw-ucrt.def
compiling bcrypt_pbkdf.c
compiling bcrypt_pbkdf_ext.c
compiling blowfish.c
compiling explicit_bzero.c
compiling hash_sha512.c
linking shared-object bcrypt_pbkdf_ext.so

current directory: C:/Users/antho/Documents/GitHub/onRails-mvc/vendor/bundle/ruby/4.0.0/gems/bcrypt_pbkdf-1.1.2/ext/mri
make DESTDIR\= sitearchdir\=./.gem.20260810-15980-3pkp7p sitelibdir\=./.gem.20260810-15980-3pkp7p install
make: aviso: jobserver indisponível: usando -j1. Inclua '+' na regra pai. 
/usr/bin/install -c -m 0755 bcrypt_pbkdf_ext.so ./.gem.20260810-15980-3pkp7p

current directory: C:/Users/antho/Documents/GitHub/onRails-mvc/vendor/bundle/ruby/4.0.0/gems/bcrypt_pbkdf-1.1.2/ext/mri
make DESTDIR\= sitearchdir\=./.gem.20260810-15980-3pkp7p sitelibdir\=./.gem.20260810-15980-3pkp7p clean
make: aviso: jobserver indisponível: usando -j1. Inclua '+' na regra pai. 
