current directory: C:/Users/antho/Documents/GitHub/onRails-mvc/vendor/bundle/ruby/4.0.0/gems/byebug-13.0.0/ext/byebug
C:/Ruby40-x64/bin/ruby.exe extconf.rb
creating Makefile

current directory: C:/Users/antho/Documents/GitHub/onRails-mvc/vendor/bundle/ruby/4.0.0/gems/byebug-13.0.0/ext/byebug
make DESTDIR\= sitearchdir\=./.gem.20260814-8476-c4hd7b sitelibdir\=./.gem.20260814-8476-c4hd7b clean
make: aviso: jobserver indisponível: usando -j1. Inclua '+' na regra pai. 

current directory: C:/Users/antho/Documents/GitHub/onRails-mvc/vendor/bundle/ruby/4.0.0/gems/byebug-13.0.0/ext/byebug
make DESTDIR\= sitearchdir\=./.gem.20260814-8476-c4hd7b sitelibdir\=./.gem.20260814-8476-c4hd7b
make: aviso: jobserver indisponível: usando -j1. Inclua '+' na regra pai. 
generating byebug-x64-mingw-ucrt.def
compiling breakpoint.c
compiling byebug.c
compiling context.c
compiling locker.c
compiling threads.c
linking shared-object byebug/byebug.so

current directory: C:/Users/antho/Documents/GitHub/onRails-mvc/vendor/bundle/ruby/4.0.0/gems/byebug-13.0.0/ext/byebug
make DESTDIR\= sitearchdir\=./.gem.20260814-8476-c4hd7b sitelibdir\=./.gem.20260814-8476-c4hd7b install
make: aviso: jobserver indisponível: usando -j1. Inclua '+' na regra pai. 
/usr/bin/install -c -m 0755 byebug.so ./.gem.20260814-8476-c4hd7b/byebug

current directory: C:/Users/antho/Documents/GitHub/onRails-mvc/vendor/bundle/ruby/4.0.0/gems/byebug-13.0.0/ext/byebug
make DESTDIR\= sitearchdir\=./.gem.20260814-8476-c4hd7b sitelibdir\=./.gem.20260814-8476-c4hd7b clean
make: aviso: jobserver indisponível: usando -j1. Inclua '+' na regra pai. 
