current directory: C:/Users/antho/Documents/GitHub/onRails-mvc/vendor/bundle/ruby/4.0.0/gems/bootsnap-1.25.0/ext/bootsnap
C:/Ruby40-x64/bin/ruby.exe extconf.rb
checking for fdatasync() in unistd.h... no
checking for fstatat() in sys/stat.h... no
checking for whether -O3 is accepted as CFLAGS... yes
checking for whether -std=c99 is accepted as CFLAGS... yes
creating Makefile

current directory: C:/Users/antho/Documents/GitHub/onRails-mvc/vendor/bundle/ruby/4.0.0/gems/bootsnap-1.25.0/ext/bootsnap
make DESTDIR\= sitearchdir\=./.gem.20260810-15980-yx5i5c sitelibdir\=./.gem.20260810-15980-yx5i5c clean
make: aviso: jobserver indisponível: usando -j1. Inclua '+' na regra pai. 

current directory: C:/Users/antho/Documents/GitHub/onRails-mvc/vendor/bundle/ruby/4.0.0/gems/bootsnap-1.25.0/ext/bootsnap
make DESTDIR\= sitearchdir\=./.gem.20260810-15980-yx5i5c sitelibdir\=./.gem.20260810-15980-yx5i5c
make: aviso: jobserver indisponível: usando -j1. Inclua '+' na regra pai. 
generating bootsnap-x64-mingw-ucrt.def
compiling bootsnap.c
linking shared-object bootsnap/bootsnap.so

current directory: C:/Users/antho/Documents/GitHub/onRails-mvc/vendor/bundle/ruby/4.0.0/gems/bootsnap-1.25.0/ext/bootsnap
make DESTDIR\= sitearchdir\=./.gem.20260810-15980-yx5i5c sitelibdir\=./.gem.20260810-15980-yx5i5c install
make: aviso: jobserver indisponível: usando -j1. Inclua '+' na regra pai. 
/usr/bin/install -c -m 0755 bootsnap.so ./.gem.20260810-15980-yx5i5c/bootsnap

current directory: C:/Users/antho/Documents/GitHub/onRails-mvc/vendor/bundle/ruby/4.0.0/gems/bootsnap-1.25.0/ext/bootsnap
make DESTDIR\= sitearchdir\=./.gem.20260810-15980-yx5i5c sitelibdir\=./.gem.20260810-15980-yx5i5c clean
make: aviso: jobserver indisponível: usando -j1. Inclua '+' na regra pai. 
