current directory: C:/Users/antho/Documents/GitHub/onRails-mvc/vendor/bundle/ruby/4.0.0/gems/erb-6.0.7/ext/erb/escape
C:/Ruby40-x64/bin/ruby.exe extconf.rb
checking for rb_ext_ractor_safe() in ruby.h... yes
creating Makefile

current directory: C:/Users/antho/Documents/GitHub/onRails-mvc/vendor/bundle/ruby/4.0.0/gems/erb-6.0.7/ext/erb/escape
make DESTDIR\= sitearchdir\=./.gem.20260810-15980-kp02gx sitelibdir\=./.gem.20260810-15980-kp02gx clean
make: aviso: jobserver indisponível: usando -j1. Inclua '+' na regra pai. 

current directory: C:/Users/antho/Documents/GitHub/onRails-mvc/vendor/bundle/ruby/4.0.0/gems/erb-6.0.7/ext/erb/escape
make DESTDIR\= sitearchdir\=./.gem.20260810-15980-kp02gx sitelibdir\=./.gem.20260810-15980-kp02gx
make: aviso: jobserver indisponível: usando -j1. Inclua '+' na regra pai. 
generating escape-x64-mingw-ucrt.def
compiling escape.c
linking shared-object erb/escape.so

current directory: C:/Users/antho/Documents/GitHub/onRails-mvc/vendor/bundle/ruby/4.0.0/gems/erb-6.0.7/ext/erb/escape
make DESTDIR\= sitearchdir\=./.gem.20260810-15980-kp02gx sitelibdir\=./.gem.20260810-15980-kp02gx install
make: aviso: jobserver indisponível: usando -j1. Inclua '+' na regra pai. 
/usr/bin/install -c -m 0755 escape.so ./.gem.20260810-15980-kp02gx/erb

current directory: C:/Users/antho/Documents/GitHub/onRails-mvc/vendor/bundle/ruby/4.0.0/gems/erb-6.0.7/ext/erb/escape
make DESTDIR\= sitearchdir\=./.gem.20260810-15980-kp02gx sitelibdir\=./.gem.20260810-15980-kp02gx clean
make: aviso: jobserver indisponível: usando -j1. Inclua '+' na regra pai. 
