current directory: C:/Users/antho/Documents/GitHub/onRails/form_nested/vendor/bundle/ruby/4.0.0/gems/erb-6.0.7/ext/erb/escape
C:/Ruby40-x64/bin/ruby.exe extconf.rb
checking for rb_ext_ractor_safe() in ruby.h... yes
creating Makefile

current directory: C:/Users/antho/Documents/GitHub/onRails/form_nested/vendor/bundle/ruby/4.0.0/gems/erb-6.0.7/ext/erb/escape
make DESTDIR\= sitearchdir\=./.gem.20260907-23472-207h8e sitelibdir\=./.gem.20260907-23472-207h8e clean
make: aviso: jobserver indisponível: usando -j1. Inclua '+' na regra pai. 

current directory: C:/Users/antho/Documents/GitHub/onRails/form_nested/vendor/bundle/ruby/4.0.0/gems/erb-6.0.7/ext/erb/escape
make DESTDIR\= sitearchdir\=./.gem.20260907-23472-207h8e sitelibdir\=./.gem.20260907-23472-207h8e
make: aviso: jobserver indisponível: usando -j1. Inclua '+' na regra pai. 
generating escape-x64-mingw-ucrt.def
compiling escape.c
linking shared-object erb/escape.so

current directory: C:/Users/antho/Documents/GitHub/onRails/form_nested/vendor/bundle/ruby/4.0.0/gems/erb-6.0.7/ext/erb/escape
make DESTDIR\= sitearchdir\=./.gem.20260907-23472-207h8e sitelibdir\=./.gem.20260907-23472-207h8e install
make: aviso: jobserver indisponível: usando -j1. Inclua '+' na regra pai. 
/usr/bin/install -c -m 0755 escape.so ./.gem.20260907-23472-207h8e/erb

current directory: C:/Users/antho/Documents/GitHub/onRails/form_nested/vendor/bundle/ruby/4.0.0/gems/erb-6.0.7/ext/erb/escape
make DESTDIR\= sitearchdir\=./.gem.20260907-23472-207h8e sitelibdir\=./.gem.20260907-23472-207h8e clean
make: aviso: jobserver indisponível: usando -j1. Inclua '+' na regra pai. 
