current directory: C:/Users/antho/Documents/GitHub/onRails-mvc/vendor/bundle/ruby/4.0.0/gems/date-3.5.1/ext/date
C:/Ruby40-x64/bin/ruby.exe extconf.rb
checking for rb_category_warn()... yes
checking for timezone in time.h with -Werror... no
checking for altzone in time.h with -Werror... no
creating Makefile

current directory: C:/Users/antho/Documents/GitHub/onRails-mvc/vendor/bundle/ruby/4.0.0/gems/date-3.5.1/ext/date
make DESTDIR\= sitearchdir\=./.gem.20260810-15980-8hcmtj sitelibdir\=./.gem.20260810-15980-8hcmtj clean
make: aviso: jobserver indisponível: usando -j1. Inclua '+' na regra pai. 

current directory: C:/Users/antho/Documents/GitHub/onRails-mvc/vendor/bundle/ruby/4.0.0/gems/date-3.5.1/ext/date
make DESTDIR\= sitearchdir\=./.gem.20260810-15980-8hcmtj sitelibdir\=./.gem.20260810-15980-8hcmtj
make: aviso: jobserver indisponível: usando -j1. Inclua '+' na regra pai. 
generating date_core-x64-mingw-ucrt.def
compiling date_core.c
compiling date_parse.c
compiling date_strftime.c
compiling date_strptime.c
linking shared-object date_core.so

current directory: C:/Users/antho/Documents/GitHub/onRails-mvc/vendor/bundle/ruby/4.0.0/gems/date-3.5.1/ext/date
make DESTDIR\= sitearchdir\=./.gem.20260810-15980-8hcmtj sitelibdir\=./.gem.20260810-15980-8hcmtj install
make: aviso: jobserver indisponível: usando -j1. Inclua '+' na regra pai. 
/usr/bin/install -c -m 0755 date_core.so ./.gem.20260810-15980-8hcmtj

current directory: C:/Users/antho/Documents/GitHub/onRails-mvc/vendor/bundle/ruby/4.0.0/gems/date-3.5.1/ext/date
make DESTDIR\= sitearchdir\=./.gem.20260810-15980-8hcmtj sitelibdir\=./.gem.20260810-15980-8hcmtj clean
make: aviso: jobserver indisponível: usando -j1. Inclua '+' na regra pai. 
