current directory: C:/Users/antho/Documents/GitHub/onRails/Associations/vendor/bundle/ruby/4.0.0/gems/io-console-0.9.2/ext/io/console
C:/Ruby40-x64/bin/ruby.exe extconf.rb
checking for rb_interned_str_cstr()... yes
checking for rb_ractor_local_storage_value_newkey()... yes
checking for rb_io_descriptor() in ruby/io.h... yes
checking for rb_io_path() in ruby/io.h... yes
checking for rb_io_closed_p() in ruby/io.h... yes
checking for rb_io_open_descriptor() in ruby/io.h... yes
checking for HAVE_RUBY_FIBER_SCHEDULER_H... yes
checking for rb_category_warn()... yes
checking for RB_WARN_CATEGORY_DEPRECATED... yes
checking for rb_prepend_module()... yes
creating Makefile

current directory: C:/Users/antho/Documents/GitHub/onRails/Associations/vendor/bundle/ruby/4.0.0/gems/io-console-0.9.2/ext/io/console
make DESTDIR\= sitearchdir\=./.gem.20260830-25300-wwcnzq sitelibdir\=./.gem.20260830-25300-wwcnzq clean
make: aviso: jobserver indisponível: usando -j1. Inclua '+' na regra pai. 

current directory: C:/Users/antho/Documents/GitHub/onRails/Associations/vendor/bundle/ruby/4.0.0/gems/io-console-0.9.2/ext/io/console
make DESTDIR\= sitearchdir\=./.gem.20260830-25300-wwcnzq sitelibdir\=./.gem.20260830-25300-wwcnzq
make: aviso: jobserver indisponível: usando -j1. Inclua '+' na regra pai. 
generating console-x64-mingw-ucrt.def
compiling console.c
linking shared-object io/console.so

current directory: C:/Users/antho/Documents/GitHub/onRails/Associations/vendor/bundle/ruby/4.0.0/gems/io-console-0.9.2/ext/io/console
make DESTDIR\= sitearchdir\=./.gem.20260830-25300-wwcnzq sitelibdir\=./.gem.20260830-25300-wwcnzq install
make: aviso: jobserver indisponível: usando -j1. Inclua '+' na regra pai. 
/usr/bin/install -c -m 0755 console.so ./.gem.20260830-25300-wwcnzq/io

current directory: C:/Users/antho/Documents/GitHub/onRails/Associations/vendor/bundle/ruby/4.0.0/gems/io-console-0.9.2/ext/io/console
make DESTDIR\= sitearchdir\=./.gem.20260830-25300-wwcnzq sitelibdir\=./.gem.20260830-25300-wwcnzq clean
make: aviso: jobserver indisponível: usando -j1. Inclua '+' na regra pai. 
