current directory: C:/Users/antho/Documents/GitHub/onRails/form_nested/vendor/bundle/ruby/4.0.0/gems/bootsnap-1.26.0/ext/bootsnap
C:/Ruby40-x64/bin/ruby.exe extconf.rb
checking for fdatasync() in unistd.h... no
checking for fstatat() in sys/stat.h... no
checking for whether -O3 is accepted as CFLAGS... yes
checking for whether -std=c99 is accepted as CFLAGS... yes
creating Makefile

current directory: C:/Users/antho/Documents/GitHub/onRails/form_nested/vendor/bundle/ruby/4.0.0/gems/bootsnap-1.26.0/ext/bootsnap
make DESTDIR\= sitearchdir\=./.gem.20260907-23472-cz7obp sitelibdir\=./.gem.20260907-23472-cz7obp clean
make: aviso: jobserver indisponível: usando -j1. Inclua '+' na regra pai. 

current directory: C:/Users/antho/Documents/GitHub/onRails/form_nested/vendor/bundle/ruby/4.0.0/gems/bootsnap-1.26.0/ext/bootsnap
make DESTDIR\= sitearchdir\=./.gem.20260907-23472-cz7obp sitelibdir\=./.gem.20260907-23472-cz7obp
make: aviso: jobserver indisponível: usando -j1. Inclua '+' na regra pai. 
generating bootsnap-x64-mingw-ucrt.def
compiling bootsnap.c
linking shared-object bootsnap/bootsnap.so

current directory: C:/Users/antho/Documents/GitHub/onRails/form_nested/vendor/bundle/ruby/4.0.0/gems/bootsnap-1.26.0/ext/bootsnap
make DESTDIR\= sitearchdir\=./.gem.20260907-23472-cz7obp sitelibdir\=./.gem.20260907-23472-cz7obp install
make: aviso: jobserver indisponível: usando -j1. Inclua '+' na regra pai. 
/usr/bin/install -c -m 0755 bootsnap.so ./.gem.20260907-23472-cz7obp/bootsnap

current directory: C:/Users/antho/Documents/GitHub/onRails/form_nested/vendor/bundle/ruby/4.0.0/gems/bootsnap-1.26.0/ext/bootsnap
make DESTDIR\= sitearchdir\=./.gem.20260907-23472-cz7obp sitelibdir\=./.gem.20260907-23472-cz7obp clean
make: aviso: jobserver indisponível: usando -j1. Inclua '+' na regra pai. 
