current directory: C:/Users/antho/Documents/GitHub/onRails-mvc/vendor/bundle/ruby/4.0.0/gems/json-2.21.2/ext/json/ext/parser
C:/Ruby40-x64/bin/ruby.exe extconf.rb
checking for rb_enc_interned_str() in ruby/encoding.h... yes
checking for rb_str_to_interned_str() in ruby.h... yes
checking for rb_hash_new_capa() in ruby.h... yes
checking for rb_hash_bulk_insert() in ruby.h... yes
checking for ruby_xfree_sized() in ruby.h... no
checking for x86intrin.h... yes
checking for _lzcnt_u64() in x86intrin.h... no
checking for intrin.h... yes
checking for __lzcnt64() in intrin.h... no
checking for _BitScanReverse64() in intrin.h... yes
checking for RUBY_TYPED_EMBEDDABLE in ruby.h... yes
checking for whether -std=c99 is accepted as CFLAGS... yes
checking for whether -mno-outline is accepted as CFLAGS... no
checking for x86intrin.h... yes
checking for cpuid.h... yes
creating Makefile

current directory: C:/Users/antho/Documents/GitHub/onRails-mvc/vendor/bundle/ruby/4.0.0/gems/json-2.21.2/ext/json/ext/parser
make DESTDIR\= sitearchdir\=./.gem.20260810-15980-ll3wps sitelibdir\=./.gem.20260810-15980-ll3wps clean
make: aviso: jobserver indisponível: usando -j1. Inclua '+' na regra pai. 

current directory: C:/Users/antho/Documents/GitHub/onRails-mvc/vendor/bundle/ruby/4.0.0/gems/json-2.21.2/ext/json/ext/parser
make DESTDIR\= sitearchdir\=./.gem.20260810-15980-ll3wps sitelibdir\=./.gem.20260810-15980-ll3wps
make: aviso: jobserver indisponível: usando -j1. Inclua '+' na regra pai. 
generating parser-x64-mingw-ucrt.def
compiling parser.c
linking shared-object json/ext/parser.so

current directory: C:/Users/antho/Documents/GitHub/onRails-mvc/vendor/bundle/ruby/4.0.0/gems/json-2.21.2/ext/json/ext/parser
make DESTDIR\= sitearchdir\=./.gem.20260810-15980-ll3wps sitelibdir\=./.gem.20260810-15980-ll3wps install
make: aviso: jobserver indisponível: usando -j1. Inclua '+' na regra pai. 
/usr/bin/install -c -m 0755 parser.so ./.gem.20260810-15980-ll3wps/json/ext

current directory: C:/Users/antho/Documents/GitHub/onRails-mvc/vendor/bundle/ruby/4.0.0/gems/json-2.21.2/ext/json/ext/parser
make DESTDIR\= sitearchdir\=./.gem.20260810-15980-ll3wps sitelibdir\=./.gem.20260810-15980-ll3wps clean
make: aviso: jobserver indisponível: usando -j1. Inclua '+' na regra pai. 
